=== Experiment B (XGBoost, n=500) ===
  k=1 AAC (20d): Acc=0.6197, F1=0.4633
  k=2 DPC (400d): Acc=0.6321, F1=0.4644
  Binary enc (5000d): Acc=0.3361, F1=0.1652
  Integer enc (1000d): Acc=0.3340, F1=0.1656
  One-hot flatten (20000d): Acc=0.3412, F1=0.1859

=== Experiment C (k=1 windows, XGBoost n=500, 3 seeds) ===

  k=1 AAC:
    [full] Acc=0.6235±0.0046, F1=0.4649±0.0036
    [N100] Acc=0.5406±0.0051, F1=0.4025±0.0038
    [N200] Acc=0.5776±0.0044, F1=0.4304±0.0056
    [NC] Acc=0.5899±0.0025, F1=0.4380±0.0031
    [mid200] Acc=0.5639±0.0114, F1=0.4052±0.0093

  k=2 DPC:
    [full] Acc=0.6314±0.0026, F1=0.4615±0.0050
    [N100] Acc=0.5725±0.0073, F1=0.4169±0.0077
    [N200] Acc=0.5735±0.0067, F1=0.4087±0.0059
    [NC] Acc=0.5923±0.0019, F1=0.4256±0.0080
    [mid200] Acc=0.5714±0.0022, F1=0.3934±0.0056

Done!
  k=3 TPC (8000d): Acc=0.5961, F1=0.4237
